// Jest Snapshot v1, https://goo.gl/fbAQLP

exports[`error path trace should return trace for failed state should show an error path trace: error path trace 1`] = `
"test error
Path:
	State: \\"first\\" 
	Event: {\\"type\\":\\"NEXT\\"}

	State: \\"second\\" 
	Event: {\\"type\\":\\"NEXT\\"}

	State: \\"third\\" "
`;
